<!doctype html>
<html lang="en" dir="ltr" class="no-js wf-loading">
  <head>
    <meta charset="utf-8">

        <meta http-equiv="Content-type" content="text/html; charset=utf-8" />
    <meta http-equiv="Content-Language" content="en-au" />

    
  <meta name="description" content="A hypnotic sweeping call rising from a secret hidden place, Golden reaches out to its audience and bares a yearning desire to float with them to an ephemer"/>
  <meta property="og:url" content="http://forevernow.me/artists/artwork/golden/">
  <meta property="og:title" content="Golden, Jimmy Tait"/>
  <meta property="og:description" content="A hypnotic sweeping call rising from a secret hidden place, Golden reaches out to its audience and bares a yearning desire to float with them to an ephemeral space, at once vast and lonesome yet intimate and personal.
"/>
  
  <meta property="og:image" content="http://forevernow.me/static/files/assets/6d6d2dda/SARA_FRANKIE-_hero.jpg"/>
  

  <meta name="twitter:card" content="summary_large_image"/>
  <meta name="twitter:site" content="@aphidslab"/>
  <meta name="twitter:url"  content="http://forevernow.me/artists/artwork/golden/"/>
  <meta name="twitter:title" content="Golden, Jimmy Tait"/>
  <meta name="twitter:description" content="A hypnotic sweeping call rising from a secret hidden place, Golden reaches out to its audience and bares a yearning desire to float with them to an ephemeral space, at once vast and lonesome yet intimate and personal.
"/>
  
  <meta name="twitter:image" content="http://forevernow.me/static/files/assets/6d6d2dda/SARA_FRANKIE-_hero.jpg"/>
  


    <meta name="keywords" content="forever now space voyager aphids mona art interstellar" />
    <meta name="designer" content="Icelab" />
    <meta name="generator" content="Blueprint" />

    
    <link href="../../../static/styles/site-1438647934.css" media="all" rel="stylesheet" type="text/css" />

        <script src="../../../static/scripts/vendor/modernizr.custom.06658-1376354765.js" type="text/javascript"></script>

        <!-- <link rel="icon" href="/static/images/fav.png" type="image/png" /> -->

    <title>Artists - Forever now</title>

    
  
    <link href="../../../static/styles/flowplayer/minimalist-1371254711.css" media="screen" rel="stylesheet" type="text/css" />
  
  <script type="text/javascript">
    ENCODE_FORMATS = {"mp4_720p":"http://assets.forevernow.me/files/010fa028cea88d40ca0f355af464292c.mp4","mp3":null,"mp4_480p":"http://assets.forevernow.me/files/b8789a73902c2029ad98a0ddfa756cdc.mp4","mp4_baseline_480p":"http://assets.forevernow.me/files/9e8607e0f40df3e07c9621b90160240e.mp4","webm_720p":"http://assets.forevernow.me/files/818a6be9fd01337d11070ed305f5c286.webm","webm_480p":"http://assets.forevernow.me/files/3c6e1b8e408494232ff1669ea6d00a3d.webm"}
  </script>


  </head>
  <body id="frnvid">
    <div class="body__inner">
      <header class="masthead">
        <div class="masthead__wrapper">
          <a href="../../../index.html" role="banner" class="masthead__banner">
            <h1 class="masthead__title">Forever Now</h1>
          </a>
        </div>
      </header>

      <div class="main-nav">
        <div class="main-nav__wrapper">
          <nav role="navigation">
            <ul>
              
                                        
              <li class="main-nav__list-item"><a href="../../../about.html"><span>About</span></a></li>                          
              <li class="main-nav__list-item--active"><a href="../../../artists.html"><span>Artists</span></a></li>                          
              <li class="main-nav__list-item"><a href="../../../curators.html"><span>Curators </span></a></li>                          
              <li class="main-nav__list-item"><a href="../../../record-selection.html"><span>Record Selection</span></a></li>            
            </ul>
          </nav>
        </div>
      </div>

      










<div class="artwork-content">
  <div class="artwork-content__wrapper">
    <div class="artwork-header">
      <h1 class="artwork-header__title">
        Golden
      </h1>
      
      
        <h2 class="artwork-header__name">
          Jimmy Tait 
        </h2>
      
    </div><!-- .artwork-header -->

    <!-- the player -->
    <div class="artwork-player">
      
        <style>.artwork-player__video {
            background: #000 url("../../../static/files/assets/6d6d2dda/SARA_FRANKIE-_splash.jpg") 0 0 no-repeat;
            background-size: 100%;
          }
        </style>
        <div 
          class="artwork-player__video" 
          title="golden">
        </div>

      
    </div><!-- .artwork-player -->

    
      <div class="artwork-description copy">
        <p>A hypnotic sweeping call rising from a secret hidden place, Golden reaches out to its audience and bares a yearning desire to float with them to an ephemeral space, at once vast and lonesome yet intimate and personal.</p>

      </div>
    

    
      <div class="artwork-bio copy">
        <p>Melbourne 5-piece Jimmy Tait (none of whom are actually called Jimmy) offer dark melancholic pop songs. Since 2008 singer and songwriter Sara Retallick has been working under the name &ndash; a homage to her late grandfather Mr James Tait. The band swerve through genres; angular guitar driven noise floats in to sparsity and space. With a distinctive take on Australian Gothic, Jimmy Tait move from dark melodic ballads to dreamy pop songs. They sound uniquely Australian, with European undertones that only Melbourne could inspire.</p>

      </div>
    

    
<div class="artwork-social">
  
  <a class="twitter-button" href="http://twitter.com/intent/tweet?text=Golden+by+Jimmy+Tait&url=http%3A%2F%2Fforevernow.me%2Fartists%2Fartwork%2Fgolden%2F&utm_medium=tweetbutton&utm_source=twitter" target="_blank" data-social='twitter' data-url="http://forevernow.me/artists/artwork/golden/">
    <span>
      <i class="icon-twitter"></i>
      Tweet
    </span>
  </a>

  
  <a class="facebook-button" href="http://www.facebook.com/sharer.php?u=http%3A%2F%2Fforevernow.me%2Fartists%2Fartwork%2Fgolden%2F&utm_medium=facebookbutton&utm_source=facebook" target="_blank" data-social='facebook' data-url="http://forevernow.me/artists/artwork/golden/">
    <span>
      <i class="icon-facebook-sign"></i>
      Share
    </span>

  
  <a class="pinterest-button" href="http://pinterest.com/pin/create/button/?description=Golden+by+Jimmy+Tait&url=http%3A%2F%2Fforevernow.me%2Fartists%2Fartwork%2Fgolden%2F&utm_medium=pinterestbutton&utm_source=pinterest" target="_blank" data-social='pinterest' data-url="http://forevernow.me/artists/artwork/golden/">
    <span>
      <i class="icon-pinterest"></i>
      Pin
    </span>
  </a>
</div>


    
      <div class="artwork-shortlist-history">
        
        <div class="artwork-shortlist-history__pole"></div>
        
      </div>
    

    
      





<div class="artwork-comments-form">
  <h2 class="artwork-comments-form__header">
    
      Start the discussion
      </h2>
  <div class="artwork-comments-form__logged-in-user">
    Comments are now closed.
  </div>
  <div id="comment-errors">
    
  </div>
</div><!-- .artwork-comments-leave -->
    
  </div>
</div>


      <div class="footer">
        <div class="footer__wrapper">
          <div class="footer__submit">
          </div>
          <div class="footer__about">
            <div class="footer__about-description copy">
              <p>Forever Now is an Aphids project. Aphids is an artist-led cultural organisation creating collaborations across artforms and borders. </p>
<p><a href="http://www.aphids.net">www.aphids.net</a></p> 
              <img class="footer__logo" src="../../../static/images/lines.png" alt="">
            </div>
          </div>
          <div class="footer__curator">
            
          </div>
        </div>
      </div>
    </div><!-- .body__inner -->

    <canvas id="starfield" style="background-color:#101010"></canvas>

    <script>
      Modernizr.load([{
        test: Modernizr.fontface,
        yep : '//use.typekit.com/shj1rtn.js',
        callback: function() {
          var removeWfLoading = function() {
            with(document.documentElement) {
              className = className.replace(/\bwf-loading\b/, 'wf-failed');
            }
          };
          setTimeout(function() {
            try { Typekit.load(); } catch(e) { removeWfLoading(); }
          }, 10);
          setTimeout(function() {
            removeWfLoading();
          }, 1000);
        }
      }
    ]);
    </script>
    
  
    <script type="text/javascript">
      Modernizr.load([{
          load: [
            '/static/scripts/vendor/jquery.min.js',
            '/static/scripts/compiled/site.js',
            '/static/scripts/flowplayer/flowplayer.min.js',
            '/static/scripts/compiled/video.js',
            '/static/scripts/vendor/social.js'
          ]
        }, 
        {
          test: Modernizr.canvas, 
          yep : "/static/scripts/compiled/starfieldtest2.js"
        }]);
    </script>
  

    <script>
      (function(i,s,o,g,r,a,m){i['GoogleAnalyticsObject']=r;i[r]=i[r]||function(){
      (i[r].q=i[r].q||[]).push(arguments)},i[r].l=1*new Date();a=s.createElement(o),
      m=s.getElementsByTagName(o)[0];a.async=1;a.src=g;m.parentNode.insertBefore(a,m)
      })(window,document,'script','//www.google-analytics.com/analytics.js','ga');

      ga('create', 'UA-5902766-4', 'forevernow.me');
      ga('send', 'pageview');

    </script>
  </body>
</html>
